2026-07-01 01:32:44,013  INFO      === Stage 2: Collision model ===
2026-07-01 01:32:50,297  INFO      Building collision dataset: 2,167,557 links × 10 years ([np.int64(2015), np.int64(2016), np.int64(2017), np.int64(2018), np.int64(2019), np.int64(2020), np.int64(2021), np.int64(2022), np.int64(2023), np.int64(2024)]) ...
2026-07-01 01:32:52,574  INFO        Base table: 21,675,570 rows
2026-07-01 01:32:52,574  INFO        Excluding post-event diagnostic columns from Stage 2 model dataset: mean_speed_limit, pct_dark, pct_junction, pct_near_crossing, pct_urban
2026-07-01 01:32:56,413  INFO        Collisions joined: 391,308 link-years with ≥1 collision (1.81% of all link-years)
2026-07-01 01:33:13,228  INFO        Traffic features joined: hgv_proportion present on 15,686,626 / 21,675,570 rows (72.4%)
2026-07-01 01:33:31,148  INFO        Network features joined: 21,675,570 / 21,675,570 rows (100.0%)
2026-07-01 01:33:31,170  INFO        Collision dataset: 21,675,570 rows | zeros=21,284,262 (98.2%)
2026-07-01 01:33:31,810  INFO      Fitting Poisson GLM (statsmodels) ...
2026-07-01 01:33:31,927  INFO        hgv_proportion: 72.4% coverage — imputing median=0.02165, adding hgv_proportion_imputed + hgv_proportion_missing
2026-07-01 01:33:32,016  INFO        degree_mean: 100.0% coverage — imputing median=3, adding degree_mean_imputed
2026-07-01 01:33:32,133  INFO        betweenness: 100.0% coverage — imputing median=6.293e-06, adding betweenness_imputed
2026-07-01 01:33:32,249  INFO        betweenness_relative: 100.0% coverage — imputing median=0.02013, adding betweenness_relative_imputed
2026-07-01 01:33:32,400  INFO        dist_to_major_km: 99.9% coverage — imputing median=0.701, adding dist_to_major_km_imputed
2026-07-01 01:33:32,522  INFO        pop_density_per_km2: 100.0% coverage — imputing median=1543, adding pop_density_per_km2_imputed
2026-07-01 01:33:32,618  INFO        speed_limit_mph_effective: 100.0% coverage — imputing median=30, adding speed_limit_mph_effective_imputed
2026-07-01 01:33:32,665  INFO        lanes: 7.3% coverage — imputing median=2, adding lanes_imputed + lanes_missing
2026-07-01 01:33:32,719  INFO        is_unpaved: 16.2% coverage — imputing median=0, adding is_unpaved_imputed + is_unpaved_missing
2026-07-01 01:33:32,822  INFO        overall_decile_within_country: 100.0% coverage — imputing median=6, adding overall_decile_within_country_imputed
2026-07-01 01:33:32,935  INFO        income_decile_within_country: 100.0% coverage — imputing median=6, adding income_decile_within_country_imputed
2026-07-01 01:33:33,038  INFO        employment_decile_within_country: 100.0% coverage — imputing median=6, adding employment_decile_within_country_imputed
2026-07-01 01:33:33,139  INFO        deprivation_country_england: 100.0% coverage — imputing median=1, adding deprivation_country_england_imputed
2026-07-01 01:33:33,237  INFO        deprivation_country_wales: 100.0% coverage — imputing median=0, adding deprivation_country_wales_imputed
2026-07-01 01:33:33,333  INFO        deprivation_country_scotland: 100.0% coverage — imputing median=0, adding deprivation_country_scotland_imputed
2026-07-01 01:33:33,450  INFO        mean_grade: 84.7% coverage — imputing median=1.504, adding mean_grade_imputed + mean_grade_missing
2026-07-01 01:33:36,339  INFO        GLM downsampled: 391,308 positives + 1,173,924 zeros = 1,565,232 rows (ratio 1:3)
2026-07-01 01:34:09,170  INFO        Poisson GLM: pseudo-R²=0.566 | deviance=821,217 | AIC=1,635,651 | converged=True
2026-07-01 01:34:09,175  INFO        Significant coefficients (p<0.05):
                                            coef  pvalue  ci_low  ci_high
degree_mean_imputed                       0.4513     0.0  0.4431   0.4594
form_of_way_ord                           0.2086     0.0  0.1832   0.2340
lanes_missing                             0.1401     0.0  0.1316   0.1485
is_primary                                0.0764     0.0  0.0663   0.0866
employment_decile_within_country_imputed  0.0512     0.0  0.0480   0.0545
betweenness_relative_imputed              0.0418     0.0  0.0364   0.0473
mean_grade_missing                        0.0329     0.0  0.0212   0.0446
income_decile_within_country_imputed      0.0248     0.0  0.0213   0.0283
speed_limit_mph_effective_imputed         0.0008     0.0  0.0006   0.0011
pop_density_per_km2_imputed               0.0000     0.0  0.0000   0.0000
mean_grade_imputed                       -0.0115     0.0 -0.0132  -0.0098
is_covid                                 -0.0180     0.0 -0.0261  -0.0099
dist_to_major_km_imputed                 -0.0434     0.0 -0.0468  -0.0399
is_trunk                                 -0.0806     0.0 -0.0974  -0.0638
is_unpaved_missing                       -0.1121     0.0 -0.1200  -0.1041
overall_decile_within_country_imputed    -0.1143     0.0 -0.1172  -0.1114
road_class_ord                           -0.1433     0.0 -0.1461  -0.1405
lanes_imputed                            -0.1547     0.0 -0.1649  -0.1445
is_roundabout                            -0.1749     0.0 -0.2053  -0.1444
hgv_proportion_missing                   -0.2325     0.0 -0.2438  -0.2212
hgv_proportion_imputed                   -0.3694     0.0 -0.4614  -0.2775
is_unpaved_imputed                       -0.3923     0.0 -0.4489  -0.3358
year_norm                                -0.4622     0.0 -0.4717  -0.4527
is_a_road                                -0.4743     0.0 -0.4865  -0.4622
is_slip_road                             -0.6224     0.0 -0.6587  -0.5861
log_link_length                          -0.6957     0.0 -0.6992  -0.6923
is_dual                                  -0.8328     0.0 -0.8885  -0.7771
const                                    -0.9118     0.0 -1.1711  -0.6525
is_motorway                              -1.0876     0.0 -1.1133  -1.0619
betweenness_imputed                      -3.0299     0.0 -3.6662  -2.3936
deprivation_country_wales_imputed        -5.4984     0.0 -6.0264  -4.9704
2026-07-01 01:34:09,175  INFO        Removed stored GLM training data before scoring/saving
2026-07-01 01:34:09,318  INFO      Fitting XGBoost Poisson model (seed=42) ...
2026-07-01 01:34:09,318  INFO        XGBoost training rows: 21,675,570
2026-07-01 01:44:34,388  INFO        XGBoost Poisson: pseudo-R²=0.325 | test deviance=495,172
2026-07-01 01:44:34,388  INFO        Feature importance (top 10):
log_link_length                  0.234951
deprivation_country_england      0.104457
overall_decile_within_country    0.068310
degree_mean                      0.055635
road_class_ord                   0.048160
pop_density_per_km2              0.045345
deprivation_country_scotland     0.044900
deprivation_country_wales        0.040588
estimated_aadt                   0.035090
speed_limit_mph_effective        0.033777
2026-07-01 01:44:34,396  INFO      Applying models and pooling across years ...
2026-07-01 01:45:58,400  INFO        Risk scores applied to 2,167,557 links
  Mean predicted collisions/year: 0.1740
  Links in top 1% risk: 21,676
2026-07-01 01:45:59,511  INFO        Saved risk scores: 2,167,557 links

=== Collision model results ===
  Poisson GLM pseudo-R²: 0.566
  Training rows: 1,565,232
  XGBoost pseudo-R²: 0.325
  Links scored: 2,167,557 (pooled — no year dimension)
  Top 1% risk links: 21,676
road_classification
A Road                   16064
B Road                    2256
Classified Unnumbered     1735
Motorway                  1381
Unclassified               232
Unknown                      8
